The target system is: Android - 1 - aarch64
The host system is: Linux - 6.14.0-37-generic - x86_64
Compiling the C compiler identification source file "CMakeCCompilerId.c" succeeded.
Compiler: /home/jonathan/android-sdk/ndk/25.2.9519653/toolchains/llvm/prebuilt/linux-x86_64/bin/clang 
Build flags: -g;-DANDROID;-fdata-sections;-ffunction-sections;-funwind-tables;-fstack-protector-strong;-no-canonical-prefixes;-D_FORTIFY_SOURCE=2;-Wformat;-Werror=format-security;-DANDROID
Id flags: -c;--target=aarch64-none-linux-android21 

The output was:
0


Compilation of the C compiler identification source "CMakeCCompilerId.c" produced "CMakeCCompilerId.o"

The C compiler identification is Clang, found in "/home/jonathan/Desktop/pdanet-client/app/.cxx/Debug/7167312o/arm64-v8a/CMakeFiles/3.22.1-g37088a8/CompilerIdC/CMakeCCompilerId.o"

Compiling the CXX compiler identification source file "CMakeCXXCompilerId.cpp" succeeded.
Compiler: /home/jonathan/android-sdk/ndk/25.2.9519653/toolchains/llvm/prebuilt/linux-x86_64/bin/clang++ 
Build flags: -g;-DANDROID;-fdata-sections;-ffunction-sections;-funwind-tables;-fstack-protector-strong;-no-canonical-prefixes;-D_FORTIFY_SOURCE=2;-Wformat;-Werror=format-security;;
Id flags: -c;--target=aarch64-none-linux-android21 

The output was:
0


Compilation of the CXX compiler identification source "CMakeCXXCompilerId.cpp" produced "CMakeCXXCompilerId.o"

The CXX compiler identification is Clang, found in "/home/jonathan/Desktop/pdanet-client/app/.cxx/Debug/7167312o/arm64-v8a/CMakeFiles/3.22.1-g37088a8/CompilerIdCXX/CMakeCXXCompilerId.o"

Detecting C compiler ABI info compiled with the following output:
Change Dir: /home/jonathan/Desktop/pdanet-client/app/.cxx/Debug/7167312o/arm64-v8a/CMakeFiles/CMakeTmp

Run Build Command(s):/home/jonathan/android-sdk/cmake/3.22.1/bin/ninja cmTC_e3dd0 && [1/2] Building C object CMakeFiles/cmTC_e3dd0.dir/CMakeCCompilerABI.c.o
Android (9352603, based on r450784d1) clang version 14.0.7 (https://android.googlesource.com/toolchain/llvm-project 4c603efb0cca074e9238af8b4106c30add4418f6)
Target: aarch64-none-linux-android21
Thread model: posix
InstalledDir: /home/jonathan/android-sdk/ndk/25.2.9519653/toolchains/llvm/prebuilt/linux-x86_64/bin
 (in-process)
 "/home/jonathan/android-sdk/ndk/25.2.9519653/toolchains/llvm/prebuilt/linux-x86_64/bin/clang" -cc1 -triple aarch64-none-linux-android21 -emit-obj -mrelax-all --mrelax-relocations -disable-free -clear-ast-before-backend -disable-llvm-verifier -discard-value-names -main-file-name CMakeCCompilerABI.c -mrelocation-model pic -pic-level 2 -pic-is-pie -mframe-pointer=non-leaf -ffp-contract=on -fno-rounding-math -mconstructor-aliases -funwind-tables=2 -target-cpu generic -target-feature +neon -target-feature +v8a -target-feature +fix-cortex-a53-835769 -target-abi aapcs -fallow-half-arguments-and-returns -mllvm -treat-scalable-fixed-error-as-warning -debug-info-kind=constructor -dwarf-version=4 -debugger-tuning=gdb -v -ffunction-sections -fdata-sections -fcoverage-compilation-dir=/home/jonathan/Desktop/pdanet-client/app/.cxx/Debug/7167312o/arm64-v8a/CMakeFiles/CMakeTmp -resource-dir /home/jonathan/android-sdk/ndk/25.2.9519653/toolchains/llvm/prebuilt/linux-x86_64/lib64/clang/14.0.7 -dependency-file CMakeFiles/cmTC_e3dd0.dir/CMakeCCompilerABI.c.o.d -MT CMakeFiles/cmTC_e3dd0.dir/CMakeCCompilerABI.c.o -sys-header-deps -D ANDROID -D _FORTIFY_SOURCE=2 -D ANDROID -isysroot /home/jonathan/android-sdk/ndk/25.2.9519653/toolchains/llvm/prebuilt/linux-x86_64/sysroot -internal-isystem /home/jonathan/android-sdk/ndk/25.2.9519653/toolchains/llvm/prebuilt/linux-x86_64/lib64/clang/14.0.7/include -internal-isystem /home/jonathan/android-sdk/ndk/25.2.9519653/toolchains/llvm/prebuilt/linux-x86_64/sysroot/usr/local/include -internal-externc-isystem /home/jonathan/android-sdk/ndk/25.2.9519653/toolchains/llvm/prebuilt/linux-x86_64/sysroot/usr/include/aarch64-linux-android -internal-externc-isystem /home/jonathan/android-sdk/ndk/25.2.9519653/toolchains/llvm/prebuilt/linux-x86_64/sysroot/include -internal-externc-isystem /home/jonathan/android-sdk/ndk/25.2.9519653/toolchains/llvm/prebuilt/linux-x86_64/sysroot/usr/include -Wformat -fdebug-compilation-dir=/home/jonathan/Desktop/pdanet-client/app/.cxx/Debug/7167312o/arm64-v8a/CMakeFiles/CMakeTmp -ferror-limit 19 -stack-protector 2 -fno-signed-char -fgnuc-version=4.2.1 -target-feature +outline-atomics -D__GCC_HAVE_DWARF2_CFI_ASM=1 -o CMakeFiles/cmTC_e3dd0.dir/CMakeCCompilerABI.c.o -x c /home/jonathan/android-sdk/cmake/3.22.1/share/cmake-3.22/Modules/CMakeCCompilerABI.c
clang -cc1 version 14.0.7 based upon LLVM 14.0.7git default target x86_64-unknown-linux-gnu
ignoring nonexistent directory "/home/jonathan/android-sdk/ndk/25.2.9519653/toolchains/llvm/prebuilt/linux-x86_64/sysroot/include"
#include "..." search starts here:
#include <...> search starts here:
 /home/jonathan/android-sdk/ndk/25.2.9519653/toolchains/llvm/prebuilt/linux-x86_64/lib64/clang/14.0.7/include
 /home/jonathan/android-sdk/ndk/25.2.9519653/toolchains/llvm/prebuilt/linux-x86_64/sysroot/usr/local/include
 /home/jonathan/android-sdk/ndk/25.2.9519653/toolchains/llvm/prebuilt/linux-x86_64/sysroot/usr/include/aarch64-linux-android
 /home/jonathan/android-sdk/ndk/25.2.9519653/toolchains/llvm/prebuilt/linux-x86_64/sysroot/usr/include
End of search list.
[2/2] Linking C executable cmTC_e3dd0
Android (9352603, based on r450784d1) clang version 14.0.7 (https://android.googlesource.com/toolchain/llvm-project 4c603efb0cca074e9238af8b4106c30add4418f6)
Target: aarch64-none-linux-android21
Thread model: posix
InstalledDir: /home/jonathan/android-sdk/ndk/25.2.9519653/toolchains/llvm/prebuilt/linux-x86_64/bin
 "/home/jonathan/android-sdk/ndk/25.2.9519653/toolchains/llvm/prebuilt/linux-x86_64/bin/ld" --sysroot=/home/jonathan/android-sdk/ndk/25.2.9519653/toolchains/llvm/prebuilt/linux-x86_64/sysroot -pie -EL --fix-cortex-a53-843419 --warn-shared-textrel -z now -z relro -z max-page-size=4096 --hash-style=both --enable-new-dtags --eh-frame-hdr -m aarch64linux -dynamic-linker /system/bin/linker64 -o cmTC_e3dd0 /home/jonathan/android-sdk/ndk/25.2.9519653/toolchains/llvm/prebuilt/linux-x86_64/sysroot/usr/lib/aarch64-linux-android/21/crtbegin_dynamic.o -L/home/jonathan/android-sdk/ndk/25.2.9519653/toolchains/llvm/prebuilt/linux-x86_64/lib64/clang/14.0.7/lib/linux/aarch64 -L/home/jonathan/android-sdk/ndk/25.2.9519653/toolchains/llvm/prebuilt/linux-x86_64/sysroot/usr/lib/aarch64-linux-android/21 -L/home/jonathan/android-sdk/ndk/25.2.9519653/toolchains/llvm/prebuilt/linux-x86_64/sysroot/usr/lib/aarch64-linux-android -L/home/jonathan/android-sdk/ndk/25.2.9519653/toolchains/llvm/prebuilt/linux-x86_64/sysroot/usr/lib --build-id=sha1 --no-rosegment --fatal-warnings --no-undefined CMakeFiles/cmTC_e3dd0.dir/CMakeCCompilerABI.c.o /home/jonathan/android-sdk/ndk/25.2.9519653/toolchains/llvm/prebuilt/linux-x86_64/lib64/clang/14.0.7/lib/linux/libclang_rt.builtins-aarch64-android.a -l:libunwind.a -ldl -lc /home/jonathan/android-sdk/ndk/25.2.9519653/toolchains/llvm/prebuilt/linux-x86_64/lib64/clang/14.0.7/lib/linux/libclang_rt.builtins-aarch64-android.a -l:libunwind.a -ldl /home/jonathan/android-sdk/ndk/25.2.9519653/toolchains/llvm/prebuilt/linux-x86_64/sysroot/usr/lib/aarch64-linux-android/21/crtend_android.o



Parsed C implicit include dir info from above output: rv=done
  found start of include info
  found start of implicit include info
    add: [/home/jonathan/android-sdk/ndk/25.2.9519653/toolchains/llvm/prebuilt/linux-x86_64/lib64/clang/14.0.7/include]
    add: [/home/jonathan/android-sdk/ndk/25.2.9519653/toolchains/llvm/prebuilt/linux-x86_64/sysroot/usr/local/include]
    add: [/home/jonathan/android-sdk/ndk/25.2.9519653/toolchains/llvm/prebuilt/linux-x86_64/sysroot/usr/include/aarch64-linux-android]
    add: [/home/jonathan/android-sdk/ndk/25.2.9519653/toolchains/llvm/prebuilt/linux-x86_64/sysroot/usr/include]
  end of search list found
  collapse include dir [/home/jonathan/android-sdk/ndk/25.2.9519653/toolchains/llvm/prebuilt/linux-x86_64/lib64/clang/14.0.7/include] ==> [/home/jonathan/android-sdk/ndk/25.2.9519653/toolchains/llvm/prebuilt/linux-x86_64/lib64/clang/14.0.7/include]
  collapse include dir [/home/jonathan/android-sdk/ndk/25.2.9519653/toolchains/llvm/prebuilt/linux-x86_64/sysroot/usr/local/include] ==> [/home/jonathan/android-sdk/ndk/25.2.9519653/toolchains/llvm/prebuilt/linux-x86_64/sysroot/usr/local/include]
  collapse include dir [/home/jonathan/android-sdk/ndk/25.2.9519653/toolchains/llvm/prebuilt/linux-x86_64/sysroot/usr/include/aarch64-linux-android] ==> [/home/jonathan/android-sdk/ndk/25.2.9519653/toolchains/llvm/prebuilt/linux-x86_64/sysroot/usr/include/aarch64-linux-android]
  collapse include dir [/home/jonathan/android-sdk/ndk/25.2.9519653/toolchains/llvm/prebuilt/linux-x86_64/sysroot/usr/include] ==> [/home/jonathan/android-sdk/ndk/25.2.9519653/toolchains/llvm/prebuilt/linux-x86_64/sysroot/usr/include]
  implicit include dirs: [/home/jonathan/android-sdk/ndk/25.2.9519653/toolchains/llvm/prebuilt/linux-x86_64/lib64/clang/14.0.7/include;/home/jonathan/android-sdk/ndk/25.2.9519653/toolchains/llvm/prebuilt/linux-x86_64/sysroot/usr/local/include;/home/jonathan/android-sdk/ndk/25.2.9519653/toolchains/llvm/prebuilt/linux-x86_64/sysroot/usr/include/aarch64-linux-android;/home/jonathan/android-sdk/ndk/25.2.9519653/toolchains/llvm/prebuilt/linux-x86_64/sysroot/usr/include]


Parsed C implicit link information from above output:
  link line regex: [^( *|.*[/\])(ld\.lld|CMAKE_LINK_STARTFILE-NOTFOUND|([^/\]+-)?ld|collect2)[^/\]*( |$)]
  ignore line: [Change Dir: /home/jonathan/Desktop/pdanet-client/app/.cxx/Debug/7167312o/arm64-v8a/CMakeFiles/CMakeTmp]
  ignore line: []
  ignore line: [Run Build Command(s):/home/jonathan/android-sdk/cmake/3.22.1/bin/ninja cmTC_e3dd0 && [1/2] Building C object CMakeFiles/cmTC_e3dd0.dir/CMakeCCompilerABI.c.o]
  ignore line: [Android (9352603  based on r450784d1) clang version 14.0.7 (https://android.googlesource.com/toolchain/llvm-project 4c603efb0cca074e9238af8b4106c30add4418f6)]
  ignore line: [Target: aarch64-none-linux-android21]
  ignore line: [Thread model: posix]
  ignore line: [InstalledDir: /home/jonathan/android-sdk/ndk/25.2.9519653/toolchains/llvm/prebuilt/linux-x86_64/bin]
  ignore line: [ (in-process)]
  ignore line: [ "/home/jonathan/android-sdk/ndk/25.2.9519653/toolchains/llvm/prebuilt/linux-x86_64/bin/clang" -cc1 -triple aarch64-none-linux-android21 -emit-obj -mrelax-all --mrelax-relocations -disable-free -clear-ast-before-backend -disable-llvm-verifier -discard-value-names -main-file-name CMakeCCompilerABI.c -mrelocation-model pic -pic-level 2 -pic-is-pie -mframe-pointer=non-leaf -ffp-contract=on -fno-rounding-math -mconstructor-aliases -funwind-tables=2 -target-cpu generic -target-feature +neon -target-feature +v8a -target-feature +fix-cortex-a53-835769 -target-abi aapcs -fallow-half-arguments-and-returns -mllvm -treat-scalable-fixed-error-as-warning -debug-info-kind=constructor -dwarf-version=4 -debugger-tuning=gdb -v -ffunction-sections -fdata-sections -fcoverage-compilation-dir=/home/jonathan/Desktop/pdanet-client/app/.cxx/Debug/7167312o/arm64-v8a/CMakeFiles/CMakeTmp -resource-dir /home/jonathan/android-sdk/ndk/25.2.9519653/toolchains/llvm/prebuilt/linux-x86_64/lib64/clang/14.0.7 -dependency-file CMakeFiles/cmTC_e3dd0.dir/CMakeCCompilerABI.c.o.d -MT CMakeFiles/cmTC_e3dd0.dir/CMakeCCompilerABI.c.o -sys-header-deps -D ANDROID -D _FORTIFY_SOURCE=2 -D ANDROID -isysroot /home/jonathan/android-sdk/ndk/25.2.9519653/toolchains/llvm/prebuilt/linux-x86_64/sysroot -internal-isystem /home/jonathan/android-sdk/ndk/25.2.9519653/toolchains/llvm/prebuilt/linux-x86_64/lib64/clang/14.0.7/include -internal-isystem /home/jonathan/android-sdk/ndk/25.2.9519653/toolchains/llvm/prebuilt/linux-x86_64/sysroot/usr/local/include -internal-externc-isystem /home/jonathan/android-sdk/ndk/25.2.9519653/toolchains/llvm/prebuilt/linux-x86_64/sysroot/usr/include/aarch64-linux-android -internal-externc-isystem /home/jonathan/android-sdk/ndk/25.2.9519653/toolchains/llvm/prebuilt/linux-x86_64/sysroot/include -internal-externc-isystem /home/jonathan/android-sdk/ndk/25.2.9519653/toolchains/llvm/prebuilt/linux-x86_64/sysroot/usr/include -Wformat -fdebug-compilation-dir=/home/jonathan/Desktop/pdanet-client/app/.cxx/Debug/7167312o/arm64-v8a/CMakeFiles/CMakeTmp -ferror-limit 19 -stack-protector 2 -fno-signed-char -fgnuc-version=4.2.1 -target-feature +outline-atomics -D__GCC_HAVE_DWARF2_CFI_ASM=1 -o CMakeFiles/cmTC_e3dd0.dir/CMakeCCompilerABI.c.o -x c /home/jonathan/android-sdk/cmake/3.22.1/share/cmake-3.22/Modules/CMakeCCompilerABI.c]
  ignore line: [clang -cc1 version 14.0.7 based upon LLVM 14.0.7git default target x86_64-unknown-linux-gnu]
  ignore line: [ignoring nonexistent directory "/home/jonathan/android-sdk/ndk/25.2.9519653/toolchains/llvm/prebuilt/linux-x86_64/sysroot/include"]
  ignore line: [#include "..." search starts here:]
  ignore line: [#include <...> search starts here:]
  ignore line: [ /home/jonathan/android-sdk/ndk/25.2.9519653/toolchains/llvm/prebuilt/linux-x86_64/lib64/clang/14.0.7/include]
  ignore line: [ /home/jonathan/android-sdk/ndk/25.2.9519653/toolchains/llvm/prebuilt/linux-x86_64/sysroot/usr/local/include]
  ignore line: [ /home/jonathan/android-sdk/ndk/25.2.9519653/toolchains/llvm/prebuilt/linux-x86_64/sysroot/usr/include/aarch64-linux-android]
  ignore line: [ /home/jonathan/android-sdk/ndk/25.2.9519653/toolchains/llvm/prebuilt/linux-x86_64/sysroot/usr/include]
  ignore line: [End of search list.]
  ignore line: [[2/2] Linking C executable cmTC_e3dd0]
  ignore line: [Android (9352603  based on r450784d1) clang version 14.0.7 (https://android.googlesource.com/toolchain/llvm-project 4c603efb0cca074e9238af8b4106c30add4418f6)]
  ignore line: [Target: aarch64-none-linux-android21]
  ignore line: [Thread model: posix]
  ignore line: [InstalledDir: /home/jonathan/android-sdk/ndk/25.2.9519653/toolchains/llvm/prebuilt/linux-x86_64/bin]
  link line: [ "/home/jonathan/android-sdk/ndk/25.2.9519653/toolchains/llvm/prebuilt/linux-x86_64/bin/ld" --sysroot=/home/jonathan/android-sdk/ndk/25.2.9519653/toolchains/llvm/prebuilt/linux-x86_64/sysroot -pie -EL --fix-cortex-a53-843419 --warn-shared-textrel -z now -z relro -z max-page-size=4096 --hash-style=both --enable-new-dtags --eh-frame-hdr -m aarch64linux -dynamic-linker /system/bin/linker64 -o cmTC_e3dd0 /home/jonathan/android-sdk/ndk/25.2.9519653/toolchains/llvm/prebuilt/linux-x86_64/sysroot/usr/lib/aarch64-linux-android/21/crtbegin_dynamic.o -L/home/jonathan/android-sdk/ndk/25.2.9519653/toolchains/llvm/prebuilt/linux-x86_64/lib64/clang/14.0.7/lib/linux/aarch64 -L/home/jonathan/android-sdk/ndk/25.2.9519653/toolchains/llvm/prebuilt/linux-x86_64/sysroot/usr/lib/aarch64-linux-android/21 -L/home/jonathan/android-sdk/ndk/25.2.9519653/toolchains/llvm/prebuilt/linux-x86_64/sysroot/usr/lib/aarch64-linux-android -L/home/jonathan/android-sdk/ndk/25.2.9519653/toolchains/llvm/prebuilt/linux-x86_64/sysroot/usr/lib --build-id=sha1 --no-rosegment --fatal-warnings --no-undefined CMakeFiles/cmTC_e3dd0.dir/CMakeCCompilerABI.c.o /home/jonathan/android-sdk/ndk/25.2.9519653/toolchains/llvm/prebuilt/linux-x86_64/lib64/clang/14.0.7/lib/linux/libclang_rt.builtins-aarch64-android.a -l:libunwind.a -ldl -lc /home/jonathan/android-sdk/ndk/25.2.9519653/toolchains/llvm/prebuilt/linux-x86_64/lib64/clang/14.0.7/lib/linux/libclang_rt.builtins-aarch64-android.a -l:libunwind.a -ldl /home/jonathan/android-sdk/ndk/25.2.9519653/toolchains/llvm/prebuilt/linux-x86_64/sysroot/usr/lib/aarch64-linux-android/21/crtend_android.o]
    arg [/home/jonathan/android-sdk/ndk/25.2.9519653/toolchains/llvm/prebuilt/linux-x86_64/bin/ld] ==> ignore
    arg [--sysroot=/home/jonathan/android-sdk/ndk/25.2.9519653/toolchains/llvm/prebuilt/linux-x86_64/sysroot] ==> ignore
    arg [-pie] ==> ignore
    arg [-EL] ==> ignore
    arg [--fix-cortex-a53-843419] ==> ignore
    arg [--warn-shared-textrel] ==> ignore
    arg [-znow] ==> ignore
    arg [-zrelro] ==> ignore
    arg [-zmax-page-size=4096] ==> ignore
    arg [--hash-style=both] ==> ignore
    arg [--enable-new-dtags] ==> ignore
    arg [--eh-frame-hdr] ==> ignore
    arg [-m] ==> ignore
    arg [aarch64linux] ==> ignore
    arg [-dynamic-linker] ==> ignore
    arg [/system/bin/linker64] ==> ignore
    arg [-o] ==> ignore
    arg [cmTC_e3dd0] ==> ignore
    arg [/home/jonathan/android-sdk/ndk/25.2.9519653/toolchains/llvm/prebuilt/linux-x86_64/sysroot/usr/lib/aarch64-linux-android/21/crtbegin_dynamic.o] ==> obj [/home/jonathan/android-sdk/ndk/25.2.9519653/toolchains/llvm/prebuilt/linux-x86_64/sysroot/usr/lib/aarch64-linux-android/21/crtbegin_dynamic.o]
    arg [-L/home/jonathan/android-sdk/ndk/25.2.9519653/toolchains/llvm/prebuilt/linux-x86_64/lib64/clang/14.0.7/lib/linux/aarch64] ==> dir [/home/jonathan/android-sdk/ndk/25.2.9519653/toolchains/llvm/prebuilt/linux-x86_64/lib64/clang/14.0.7/lib/linux/aarch64]
    arg [-L/home/jonathan/android-sdk/ndk/25.2.9519653/toolchains/llvm/prebuilt/linux-x86_64/sysroot/usr/lib/aarch64-linux-android/21] ==> dir [/home/jonathan/android-sdk/ndk/25.2.9519653/toolchains/llvm/prebuilt/linux-x86_64/sysroot/usr/lib/aarch64-linux-android/21]
    arg [-L/home/jonathan/android-sdk/ndk/25.2.9519653/toolchains/llvm/prebuilt/linux-x86_64/sysroot/usr/lib/aarch64-linux-android] ==> dir [/home/jonathan/android-sdk/ndk/25.2.9519653/toolchains/llvm/prebuilt/linux-x86_64/sysroot/usr/lib/aarch64-linux-android]
    arg [-L/home/jonathan/android-sdk/ndk/25.2.9519653/toolchains/llvm/prebuilt/linux-x86_64/sysroot/usr/lib] ==> dir [/home/jonathan/android-sdk/ndk/25.2.9519653/toolchains/llvm/prebuilt/linux-x86_64/sysroot/usr/lib]
    arg [--build-id=sha1] ==> ignore
    arg [--no-rosegment] ==> ignore
    arg [--fatal-warnings] ==> ignore
    arg [--no-undefined] ==> ignore
    arg [CMakeFiles/cmTC_e3dd0.dir/CMakeCCompilerABI.c.o] ==> ignore
    arg [/home/jonathan/android-sdk/ndk/25.2.9519653/toolchains/llvm/prebuilt/linux-x86_64/lib64/clang/14.0.7/lib/linux/libclang_rt.builtins-aarch64-android.a] ==> lib [/home/jonathan/android-sdk/ndk/25.2.9519653/toolchains/llvm/prebuilt/linux-x86_64/lib64/clang/14.0.7/lib/linux/libclang_rt.builtins-aarch64-android.a]
    arg [-l:libunwind.a] ==> lib [-l:libunwind.a]
    arg [-ldl] ==> lib [dl]
    arg [-lc] ==> lib [c]
    arg [/home/jonathan/android-sdk/ndk/25.2.9519653/toolchains/llvm/prebuilt/linux-x86_64/lib64/clang/14.0.7/lib/linux/libclang_rt.builtins-aarch64-android.a] ==> lib [/home/jonathan/android-sdk/ndk/25.2.9519653/toolchains/llvm/prebuilt/linux-x86_64/lib64/clang/14.0.7/lib/linux/libclang_rt.builtins-aarch64-android.a]
    arg [-l:libunwind.a] ==> lib [-l:libunwind.a]
    arg [-ldl] ==> lib [dl]
    arg [/home/jonathan/android-sdk/ndk/25.2.9519653/toolchains/llvm/prebuilt/linux-x86_64/sysroot/usr/lib/aarch64-linux-android/21/crtend_android.o] ==> obj [/home/jonathan/android-sdk/ndk/25.2.9519653/toolchains/llvm/prebuilt/linux-x86_64/sysroot/usr/lib/aarch64-linux-android/21/crtend_android.o]
  remove lib [/home/jonathan/android-sdk/ndk/25.2.9519653/toolchains/llvm/prebuilt/linux-x86_64/lib64/clang/14.0.7/lib/linux/libclang_rt.builtins-aarch64-android.a]
  remove lib [/home/jonathan/android-sdk/ndk/25.2.9519653/toolchains/llvm/prebuilt/linux-x86_64/lib64/clang/14.0.7/lib/linux/libclang_rt.builtins-aarch64-android.a]
  collapse library dir [/home/jonathan/android-sdk/ndk/25.2.9519653/toolchains/llvm/prebuilt/linux-x86_64/lib64/clang/14.0.7/lib/linux/aarch64] ==> [/home/jonathan/android-sdk/ndk/25.2.9519653/toolchains/llvm/prebuilt/linux-x86_64/lib64/clang/14.0.7/lib/linux/aarch64]
  collapse library dir [/home/jonathan/android-sdk/ndk/25.2.9519653/toolchains/llvm/prebuilt/linux-x86_64/sysroot/usr/lib/aarch64-linux-android/21] ==> [/home/jonathan/android-sdk/ndk/25.2.9519653/toolchains/llvm/prebuilt/linux-x86_64/sysroot/usr/lib/aarch64-linux-android/21]
  collapse library dir [/home/jonathan/android-sdk/ndk/25.2.9519653/toolchains/llvm/prebuilt/linux-x86_64/sysroot/usr/lib/aarch64-linux-android] ==> [/home/jonathan/android-sdk/ndk/25.2.9519653/toolchains/llvm/prebuilt/linux-x86_64/sysroot/usr/lib/aarch64-linux-android]
  collapse library dir [/home/jonathan/android-sdk/ndk/25.2.9519653/toolchains/llvm/prebuilt/linux-x86_64/sysroot/usr/lib] ==> [/home/jonathan/android-sdk/ndk/25.2.9519653/toolchains/llvm/prebuilt/linux-x86_64/sysroot/usr/lib]
  implicit libs: [-l:libunwind.a;dl;c;-l:libunwind.a;dl]
  implicit objs: [/home/jonathan/android-sdk/ndk/25.2.9519653/toolchains/llvm/prebuilt/linux-x86_64/sysroot/usr/lib/aarch64-linux-android/21/crtbegin_dynamic.o;/home/jonathan/android-sdk/ndk/25.2.9519653/toolchains/llvm/prebuilt/linux-x86_64/sysroot/usr/lib/aarch64-linux-android/21/crtend_android.o]
  implicit dirs: [/home/jonathan/android-sdk/ndk/25.2.9519653/toolchains/llvm/prebuilt/linux-x86_64/lib64/clang/14.0.7/lib/linux/aarch64;/home/jonathan/android-sdk/ndk/25.2.9519653/toolchains/llvm/prebuilt/linux-x86_64/sysroot/usr/lib/aarch64-linux-android/21;/home/jonathan/android-sdk/ndk/25.2.9519653/toolchains/llvm/prebuilt/linux-x86_64/sysroot/usr/lib/aarch64-linux-android;/home/jonathan/android-sdk/ndk/25.2.9519653/toolchains/llvm/prebuilt/linux-x86_64/sysroot/usr/lib]
  implicit fwks: []


Detecting CXX compiler ABI info compiled with the following output:
Change Dir: /home/jonathan/Desktop/pdanet-client/app/.cxx/Debug/7167312o/arm64-v8a/CMakeFiles/CMakeTmp

Run Build Command(s):/home/jonathan/android-sdk/cmake/3.22.1/bin/ninja cmTC_16401 && [1/2] Building CXX object CMakeFiles/cmTC_16401.dir/CMakeCXXCompilerABI.cpp.o
Android (9352603, based on r450784d1) clang version 14.0.7 (https://android.googlesource.com/toolchain/llvm-project 4c603efb0cca074e9238af8b4106c30add4418f6)
Target: aarch64-none-linux-android21
Thread model: posix
InstalledDir: /home/jonathan/android-sdk/ndk/25.2.9519653/toolchains/llvm/prebuilt/linux-x86_64/bin
 (in-process)
 "/home/jonathan/android-sdk/ndk/25.2.9519653/toolchains/llvm/prebuilt/linux-x86_64/bin/clang++" -cc1 -triple aarch64-none-linux-android21 -emit-obj -mrelax-all --mrelax-relocations -disable-free -clear-ast-before-backend -disable-llvm-verifier -discard-value-names -main-file-name CMakeCXXCompilerABI.cpp -mrelocation-model pic -pic-level 2 -pic-is-pie -mframe-pointer=non-leaf -ffp-contract=on -fno-rounding-math -mconstructor-aliases -funwind-tables=2 -target-cpu generic -target-feature +neon -target-feature +v8a -target-feature +fix-cortex-a53-835769 -target-abi aapcs -fallow-half-arguments-and-returns -mllvm -treat-scalable-fixed-error-as-warning -debug-info-kind=constructor -dwarf-version=4 -debugger-tuning=gdb -v -ffunction-sections -fdata-sections -fcoverage-compilation-dir=/home/jonathan/Desktop/pdanet-client/app/.cxx/Debug/7167312o/arm64-v8a/CMakeFiles/CMakeTmp -resource-dir /home/jonathan/android-sdk/ndk/25.2.9519653/toolchains/llvm/prebuilt/linux-x86_64/lib64/clang/14.0.7 -dependency-file CMakeFiles/cmTC_16401.dir/CMakeCXXCompilerABI.cpp.o.d -MT CMakeFiles/cmTC_16401.dir/CMakeCXXCompilerABI.cpp.o -sys-header-deps -D ANDROID -D _FORTIFY_SOURCE=2 -isysroot /home/jonathan/android-sdk/ndk/25.2.9519653/toolchains/llvm/prebuilt/linux-x86_64/sysroot -internal-isystem /home/jonathan/android-sdk/ndk/25.2.9519653/toolchains/llvm/prebuilt/linux-x86_64/sysroot/usr/include/c++/v1 -internal-isystem /home/jonathan/android-sdk/ndk/25.2.9519653/toolchains/llvm/prebuilt/linux-x86_64/lib64/clang/14.0.7/include -internal-isystem /home/jonathan/android-sdk/ndk/25.2.9519653/toolchains/llvm/prebuilt/linux-x86_64/sysroot/usr/local/include -internal-externc-isystem /home/jonathan/android-sdk/ndk/25.2.9519653/toolchains/llvm/prebuilt/linux-x86_64/sysroot/usr/include/aarch64-linux-android -internal-externc-isystem /home/jonathan/android-sdk/ndk/25.2.9519653/toolchains/llvm/prebuilt/linux-x86_64/sysroot/include -internal-externc-isystem /home/jonathan/android-sdk/ndk/25.2.9519653/toolchains/llvm/prebuilt/linux-x86_64/sysroot/usr/include -Wformat -fdeprecated-macro -fdebug-compilation-dir=/home/jonathan/Desktop/pdanet-client/app/.cxx/Debug/7167312o/arm64-v8a/CMakeFiles/CMakeTmp -ferror-limit 19 -stack-protector 2 -fno-signed-char -fgnuc-version=4.2.1 -fcxx-exceptions -fexceptions -target-feature +outline-atomics -D__GCC_HAVE_DWARF2_CFI_ASM=1 -o CMakeFiles/cmTC_16401.dir/CMakeCXXCompilerABI.cpp.o -x c++ /home/jonathan/android-sdk/cmake/3.22.1/share/cmake-3.22/Modules/CMakeCXXCompilerABI.cpp
clang -cc1 version 14.0.7 based upon LLVM 14.0.7git default target x86_64-unknown-linux-gnu
ignoring nonexistent directory "/home/jonathan/android-sdk/ndk/25.2.9519653/toolchains/llvm/prebuilt/linux-x86_64/sysroot/include"
#include "..." search starts here:
#include <...> search starts here:
 /home/jonathan/android-sdk/ndk/25.2.9519653/toolchains/llvm/prebuilt/linux-x86_64/sysroot/usr/include/c++/v1
 /home/jonathan/android-sdk/ndk/25.2.9519653/toolchains/llvm/prebuilt/linux-x86_64/lib64/clang/14.0.7/include
 /home/jonathan/android-sdk/ndk/25.2.9519653/toolchains/llvm/prebuilt/linux-x86_64/sysroot/usr/local/include
 /home/jonathan/android-sdk/ndk/25.2.9519653/toolchains/llvm/prebuilt/linux-x86_64/sysroot/usr/include/aarch64-linux-android
 /home/jonathan/android-sdk/ndk/25.2.9519653/toolchains/llvm/prebuilt/linux-x86_64/sysroot/usr/include
End of search list.
[2/2] Linking CXX executable cmTC_16401
Android (9352603, based on r450784d1) clang version 14.0.7 (https://android.googlesource.com/toolchain/llvm-project 4c603efb0cca074e9238af8b4106c30add4418f6)
Target: aarch64-none-linux-android21
Thread model: posix
InstalledDir: /home/jonathan/android-sdk/ndk/25.2.9519653/toolchains/llvm/prebuilt/linux-x86_64/bin
 "/home/jonathan/android-sdk/ndk/25.2.9519653/toolchains/llvm/prebuilt/linux-x86_64/bin/ld" --sysroot=/home/jonathan/android-sdk/ndk/25.2.9519653/toolchains/llvm/prebuilt/linux-x86_64/sysroot -pie -EL --fix-cortex-a53-843419 --warn-shared-textrel -z now -z relro -z max-page-size=4096 --hash-style=both --enable-new-dtags --eh-frame-hdr -m aarch64linux -dynamic-linker /system/bin/linker64 -o cmTC_16401 /home/jonathan/android-sdk/ndk/25.2.9519653/toolchains/llvm/prebuilt/linux-x86_64/sysroot/usr/lib/aarch64-linux-android/21/crtbegin_dynamic.o -L/home/jonathan/android-sdk/ndk/25.2.9519653/toolchains/llvm/prebuilt/linux-x86_64/lib64/clang/14.0.7/lib/linux/aarch64 -L/home/jonathan/android-sdk/ndk/25.2.9519653/toolchains/llvm/prebuilt/linux-x86_64/sysroot/usr/lib/aarch64-linux-android/21 -L/home/jonathan/android-sdk/ndk/25.2.9519653/toolchains/llvm/prebuilt/linux-x86_64/sysroot/usr/lib/aarch64-linux-android -L/home/jonathan/android-sdk/ndk/25.2.9519653/toolchains/llvm/prebuilt/linux-x86_64/sysroot/usr/lib --build-id=sha1 --no-rosegment --fatal-warnings --no-undefined CMakeFiles/cmTC_16401.dir/CMakeCXXCompilerABI.cpp.o -Bstatic -lc++ -Bdynamic -lm /home/jonathan/android-sdk/ndk/25.2.9519653/toolchains/llvm/prebuilt/linux-x86_64/lib64/clang/14.0.7/lib/linux/libclang_rt.builtins-aarch64-android.a -l:libunwind.a -ldl -lc /home/jonathan/android-sdk/ndk/25.2.9519653/toolchains/llvm/prebuilt/linux-x86_64/lib64/clang/14.0.7/lib/linux/libclang_rt.builtins-aarch64-android.a -l:libunwind.a -ldl /home/jonathan/android-sdk/ndk/25.2.9519653/toolchains/llvm/prebuilt/linux-x86_64/sysroot/usr/lib/aarch64-linux-android/21/crtend_android.o



Parsed CXX implicit include dir info from above output: rv=done
  found start of include info
  found start of implicit include info
    add: [/home/jonathan/android-sdk/ndk/25.2.9519653/toolchains/llvm/prebuilt/linux-x86_64/sysroot/usr/include/c++/v1]
    add: [/home/jonathan/android-sdk/ndk/25.2.9519653/toolchains/llvm/prebuilt/linux-x86_64/lib64/clang/14.0.7/include]
    add: [/home/jonathan/android-sdk/ndk/25.2.9519653/toolchains/llvm/prebuilt/linux-x86_64/sysroot/usr/local/include]
    add: [/home/jonathan/android-sdk/ndk/25.2.9519653/toolchains/llvm/prebuilt/linux-x86_64/sysroot/usr/include/aarch64-linux-android]
    add: [/home/jonathan/android-sdk/ndk/25.2.9519653/toolchains/llvm/prebuilt/linux-x86_64/sysroot/usr/include]
  end of search list found
  collapse include dir [/home/jonathan/android-sdk/ndk/25.2.9519653/toolchains/llvm/prebuilt/linux-x86_64/sysroot/usr/include/c++/v1] ==> [/home/jonathan/android-sdk/ndk/25.2.9519653/toolchains/llvm/prebuilt/linux-x86_64/sysroot/usr/include/c++/v1]
  collapse include dir [/home/jonathan/android-sdk/ndk/25.2.9519653/toolchains/llvm/prebuilt/linux-x86_64/lib64/clang/14.0.7/include] ==> [/home/jonathan/android-sdk/ndk/25.2.9519653/toolchains/llvm/prebuilt/linux-x86_64/lib64/clang/14.0.7/include]
  collapse include dir [/home/jonathan/android-sdk/ndk/25.2.9519653/toolchains/llvm/prebuilt/linux-x86_64/sysroot/usr/local/include] ==> [/home/jonathan/android-sdk/ndk/25.2.9519653/toolchains/llvm/prebuilt/linux-x86_64/sysroot/usr/local/include]
  collapse include dir [/home/jonathan/android-sdk/ndk/25.2.9519653/toolchains/llvm/prebuilt/linux-x86_64/sysroot/usr/include/aarch64-linux-android] ==> [/home/jonathan/android-sdk/ndk/25.2.9519653/toolchains/llvm/prebuilt/linux-x86_64/sysroot/usr/include/aarch64-linux-android]
  collapse include dir [/home/jonathan/android-sdk/ndk/25.2.9519653/toolchains/llvm/prebuilt/linux-x86_64/sysroot/usr/include] ==> [/home/jonathan/android-sdk/ndk/25.2.9519653/toolchains/llvm/prebuilt/linux-x86_64/sysroot/usr/include]
  implicit include dirs: [/home/jonathan/android-sdk/ndk/25.2.9519653/toolchains/llvm/prebuilt/linux-x86_64/sysroot/usr/include/c++/v1;/home/jonathan/android-sdk/ndk/25.2.9519653/toolchains/llvm/prebuilt/linux-x86_64/lib64/clang/14.0.7/include;/home/jonathan/android-sdk/ndk/25.2.9519653/toolchains/llvm/prebuilt/linux-x86_64/sysroot/usr/local/include;/home/jonathan/android-sdk/ndk/25.2.9519653/toolchains/llvm/prebuilt/linux-x86_64/sysroot/usr/include/aarch64-linux-android;/home/jonathan/android-sdk/ndk/25.2.9519653/toolchains/llvm/prebuilt/linux-x86_64/sysroot/usr/include]


Parsed CXX implicit link information from above output:
  link line regex: [^( *|.*[/\])(ld\.lld|CMAKE_LINK_STARTFILE-NOTFOUND|([^/\]+-)?ld|collect2)[^/\]*( |$)]
  ignore line: [Change Dir: /home/jonathan/Desktop/pdanet-client/app/.cxx/Debug/7167312o/arm64-v8a/CMakeFiles/CMakeTmp]
  ignore line: []
  ignore line: [Run Build Command(s):/home/jonathan/android-sdk/cmake/3.22.1/bin/ninja cmTC_16401 && [1/2] Building CXX object CMakeFiles/cmTC_16401.dir/CMakeCXXCompilerABI.cpp.o]
  ignore line: [Android (9352603  based on r450784d1) clang version 14.0.7 (https://android.googlesource.com/toolchain/llvm-project 4c603efb0cca074e9238af8b4106c30add4418f6)]
  ignore line: [Target: aarch64-none-linux-android21]
  ignore line: [Thread model: posix]
  ignore line: [InstalledDir: /home/jonathan/android-sdk/ndk/25.2.9519653/toolchains/llvm/prebuilt/linux-x86_64/bin]
  ignore line: [ (in-process)]
  ignore line: [ "/home/jonathan/android-sdk/ndk/25.2.9519653/toolchains/llvm/prebuilt/linux-x86_64/bin/clang++" -cc1 -triple aarch64-none-linux-android21 -emit-obj -mrelax-all --mrelax-relocations -disable-free -clear-ast-before-backend -disable-llvm-verifier -discard-value-names -main-file-name CMakeCXXCompilerABI.cpp -mrelocation-model pic -pic-level 2 -pic-is-pie -mframe-pointer=non-leaf -ffp-contract=on -fno-rounding-math -mconstructor-aliases -funwind-tables=2 -target-cpu generic -target-feature +neon -target-feature +v8a -target-feature +fix-cortex-a53-835769 -target-abi aapcs -fallow-half-arguments-and-returns -mllvm -treat-scalable-fixed-error-as-warning -debug-info-kind=constructor -dwarf-version=4 -debugger-tuning=gdb -v -ffunction-sections -fdata-sections -fcoverage-compilation-dir=/home/jonathan/Desktop/pdanet-client/app/.cxx/Debug/7167312o/arm64-v8a/CMakeFiles/CMakeTmp -resource-dir /home/jonathan/android-sdk/ndk/25.2.9519653/toolchains/llvm/prebuilt/linux-x86_64/lib64/clang/14.0.7 -dependency-file CMakeFiles/cmTC_16401.dir/CMakeCXXCompilerABI.cpp.o.d -MT CMakeFiles/cmTC_16401.dir/CMakeCXXCompilerABI.cpp.o -sys-header-deps -D ANDROID -D _FORTIFY_SOURCE=2 -isysroot /home/jonathan/android-sdk/ndk/25.2.9519653/toolchains/llvm/prebuilt/linux-x86_64/sysroot -internal-isystem /home/jonathan/android-sdk/ndk/25.2.9519653/toolchains/llvm/prebuilt/linux-x86_64/sysroot/usr/include/c++/v1 -internal-isystem /home/jonathan/android-sdk/ndk/25.2.9519653/toolchains/llvm/prebuilt/linux-x86_64/lib64/clang/14.0.7/include -internal-isystem /home/jonathan/android-sdk/ndk/25.2.9519653/toolchains/llvm/prebuilt/linux-x86_64/sysroot/usr/local/include -internal-externc-isystem /home/jonathan/android-sdk/ndk/25.2.9519653/toolchains/llvm/prebuilt/linux-x86_64/sysroot/usr/include/aarch64-linux-android -internal-externc-isystem /home/jonathan/android-sdk/ndk/25.2.9519653/toolchains/llvm/prebuilt/linux-x86_64/sysroot/include -internal-externc-isystem /home/jonathan/android-sdk/ndk/25.2.9519653/toolchains/llvm/prebuilt/linux-x86_64/sysroot/usr/include -Wformat -fdeprecated-macro -fdebug-compilation-dir=/home/jonathan/Desktop/pdanet-client/app/.cxx/Debug/7167312o/arm64-v8a/CMakeFiles/CMakeTmp -ferror-limit 19 -stack-protector 2 -fno-signed-char -fgnuc-version=4.2.1 -fcxx-exceptions -fexceptions -target-feature +outline-atomics -D__GCC_HAVE_DWARF2_CFI_ASM=1 -o CMakeFiles/cmTC_16401.dir/CMakeCXXCompilerABI.cpp.o -x c++ /home/jonathan/android-sdk/cmake/3.22.1/share/cmake-3.22/Modules/CMakeCXXCompilerABI.cpp]
  ignore line: [clang -cc1 version 14.0.7 based upon LLVM 14.0.7git default target x86_64-unknown-linux-gnu]
  ignore line: [ignoring nonexistent directory "/home/jonathan/android-sdk/ndk/25.2.9519653/toolchains/llvm/prebuilt/linux-x86_64/sysroot/include"]
  ignore line: [#include "..." search starts here:]
  ignore line: [#include <...> search starts here:]
  ignore line: [ /home/jonathan/android-sdk/ndk/25.2.9519653/toolchains/llvm/prebuilt/linux-x86_64/sysroot/usr/include/c++/v1]
  ignore line: [ /home/jonathan/android-sdk/ndk/25.2.9519653/toolchains/llvm/prebuilt/linux-x86_64/lib64/clang/14.0.7/include]
  ignore line: [ /home/jonathan/android-sdk/ndk/25.2.9519653/toolchains/llvm/prebuilt/linux-x86_64/sysroot/usr/local/include]
  ignore line: [ /home/jonathan/android-sdk/ndk/25.2.9519653/toolchains/llvm/prebuilt/linux-x86_64/sysroot/usr/include/aarch64-linux-android]
  ignore line: [ /home/jonathan/android-sdk/ndk/25.2.9519653/toolchains/llvm/prebuilt/linux-x86_64/sysroot/usr/include]
  ignore line: [End of search list.]
  ignore line: [[2/2] Linking CXX executable cmTC_16401]
  ignore line: [Android (9352603  based on r450784d1) clang version 14.0.7 (https://android.googlesource.com/toolchain/llvm-project 4c603efb0cca074e9238af8b4106c30add4418f6)]
  ignore line: [Target: aarch64-none-linux-android21]
  ignore line: [Thread model: posix]
  ignore line: [InstalledDir: /home/jonathan/android-sdk/ndk/25.2.9519653/toolchains/llvm/prebuilt/linux-x86_64/bin]
  link line: [ "/home/jonathan/android-sdk/ndk/25.2.9519653/toolchains/llvm/prebuilt/linux-x86_64/bin/ld" --sysroot=/home/jonathan/android-sdk/ndk/25.2.9519653/toolchains/llvm/prebuilt/linux-x86_64/sysroot -pie -EL --fix-cortex-a53-843419 --warn-shared-textrel -z now -z relro -z max-page-size=4096 --hash-style=both --enable-new-dtags --eh-frame-hdr -m aarch64linux -dynamic-linker /system/bin/linker64 -o cmTC_16401 /home/jonathan/android-sdk/ndk/25.2.9519653/toolchains/llvm/prebuilt/linux-x86_64/sysroot/usr/lib/aarch64-linux-android/21/crtbegin_dynamic.o -L/home/jonathan/android-sdk/ndk/25.2.9519653/toolchains/llvm/prebuilt/linux-x86_64/lib64/clang/14.0.7/lib/linux/aarch64 -L/home/jonathan/android-sdk/ndk/25.2.9519653/toolchains/llvm/prebuilt/linux-x86_64/sysroot/usr/lib/aarch64-linux-android/21 -L/home/jonathan/android-sdk/ndk/25.2.9519653/toolchains/llvm/prebuilt/linux-x86_64/sysroot/usr/lib/aarch64-linux-android -L/home/jonathan/android-sdk/ndk/25.2.9519653/toolchains/llvm/prebuilt/linux-x86_64/sysroot/usr/lib --build-id=sha1 --no-rosegment --fatal-warnings --no-undefined CMakeFiles/cmTC_16401.dir/CMakeCXXCompilerABI.cpp.o -Bstatic -lc++ -Bdynamic -lm /home/jonathan/android-sdk/ndk/25.2.9519653/toolchains/llvm/prebuilt/linux-x86_64/lib64/clang/14.0.7/lib/linux/libclang_rt.builtins-aarch64-android.a -l:libunwind.a -ldl -lc /home/jonathan/android-sdk/ndk/25.2.9519653/toolchains/llvm/prebuilt/linux-x86_64/lib64/clang/14.0.7/lib/linux/libclang_rt.builtins-aarch64-android.a -l:libunwind.a -ldl /home/jonathan/android-sdk/ndk/25.2.9519653/toolchains/llvm/prebuilt/linux-x86_64/sysroot/usr/lib/aarch64-linux-android/21/crtend_android.o]
    arg [/home/jonathan/android-sdk/ndk/25.2.9519653/toolchains/llvm/prebuilt/linux-x86_64/bin/ld] ==> ignore
    arg [--sysroot=/home/jonathan/android-sdk/ndk/25.2.9519653/toolchains/llvm/prebuilt/linux-x86_64/sysroot] ==> ignore
    arg [-pie] ==> ignore
    arg [-EL] ==> ignore
    arg [--fix-cortex-a53-843419] ==> ignore
    arg [--warn-shared-textrel] ==> ignore
    arg [-znow] ==> ignore
    arg [-zrelro] ==> ignore
    arg [-zmax-page-size=4096] ==> ignore
    arg [--hash-style=both] ==> ignore
    arg [--enable-new-dtags] ==> ignore
    arg [--eh-frame-hdr] ==> ignore
    arg [-m] ==> ignore
    arg [aarch64linux] ==> ignore
    arg [-dynamic-linker] ==> ignore
    arg [/system/bin/linker64] ==> ignore
    arg [-o] ==> ignore
    arg [cmTC_16401] ==> ignore
    arg [/home/jonathan/android-sdk/ndk/25.2.9519653/toolchains/llvm/prebuilt/linux-x86_64/sysroot/usr/lib/aarch64-linux-android/21/crtbegin_dynamic.o] ==> obj [/home/jonathan/android-sdk/ndk/25.2.9519653/toolchains/llvm/prebuilt/linux-x86_64/sysroot/usr/lib/aarch64-linux-android/21/crtbegin_dynamic.o]
    arg [-L/home/jonathan/android-sdk/ndk/25.2.9519653/toolchains/llvm/prebuilt/linux-x86_64/lib64/clang/14.0.7/lib/linux/aarch64] ==> dir [/home/jonathan/android-sdk/ndk/25.2.9519653/toolchains/llvm/prebuilt/linux-x86_64/lib64/clang/14.0.7/lib/linux/aarch64]
    arg [-L/home/jonathan/android-sdk/ndk/25.2.9519653/toolchains/llvm/prebuilt/linux-x86_64/sysroot/usr/lib/aarch64-linux-android/21] ==> dir [/home/jonathan/android-sdk/ndk/25.2.9519653/toolchains/llvm/prebuilt/linux-x86_64/sysroot/usr/lib/aarch64-linux-android/21]
    arg [-L/home/jonathan/android-sdk/ndk/25.2.9519653/toolchains/llvm/prebuilt/linux-x86_64/sysroot/usr/lib/aarch64-linux-android] ==> dir [/home/jonathan/android-sdk/ndk/25.2.9519653/toolchains/llvm/prebuilt/linux-x86_64/sysroot/usr/lib/aarch64-linux-android]
    arg [-L/home/jonathan/android-sdk/ndk/25.2.9519653/toolchains/llvm/prebuilt/linux-x86_64/sysroot/usr/lib] ==> dir [/home/jonathan/android-sdk/ndk/25.2.9519653/toolchains/llvm/prebuilt/linux-x86_64/sysroot/usr/lib]
    arg [--build-id=sha1] ==> ignore
    arg [--no-rosegment] ==> ignore
    arg [--fatal-warnings] ==> ignore
    arg [--no-undefined] ==> ignore
    arg [CMakeFiles/cmTC_16401.dir/CMakeCXXCompilerABI.cpp.o] ==> ignore
    arg [-Bstatic] ==> search static
    arg [-lc++] ==> lib [c++]
    arg [-Bdynamic] ==> search dynamic
    arg [-lm] ==> lib [m]
    arg [/home/jonathan/android-sdk/ndk/25.2.9519653/toolchains/llvm/prebuilt/linux-x86_64/lib64/clang/14.0.7/lib/linux/libclang_rt.builtins-aarch64-android.a] ==> lib [/home/jonathan/android-sdk/ndk/25.2.9519653/toolchains/llvm/prebuilt/linux-x86_64/lib64/clang/14.0.7/lib/linux/libclang_rt.builtins-aarch64-android.a]
    arg [-l:libunwind.a] ==> lib [-l:libunwind.a]
    arg [-ldl] ==> lib [dl]
    arg [-lc] ==> lib [c]
    arg [/home/jonathan/android-sdk/ndk/25.2.9519653/toolchains/llvm/prebuilt/linux-x86_64/lib64/clang/14.0.7/lib/linux/libclang_rt.builtins-aarch64-android.a] ==> lib [/home/jonathan/android-sdk/ndk/25.2.9519653/toolchains/llvm/prebuilt/linux-x86_64/lib64/clang/14.0.7/lib/linux/libclang_rt.builtins-aarch64-android.a]
    arg [-l:libunwind.a] ==> lib [-l:libunwind.a]
    arg [-ldl] ==> lib [dl]
    arg [/home/jonathan/android-sdk/ndk/25.2.9519653/toolchains/llvm/prebuilt/linux-x86_64/sysroot/usr/lib/aarch64-linux-android/21/crtend_android.o] ==> obj [/home/jonathan/android-sdk/ndk/25.2.9519653/toolchains/llvm/prebuilt/linux-x86_64/sysroot/usr/lib/aarch64-linux-android/21/crtend_android.o]
  remove lib [/home/jonathan/android-sdk/ndk/25.2.9519653/toolchains/llvm/prebuilt/linux-x86_64/lib64/clang/14.0.7/lib/linux/libclang_rt.builtins-aarch64-android.a]
  remove lib [/home/jonathan/android-sdk/ndk/25.2.9519653/toolchains/llvm/prebuilt/linux-x86_64/lib64/clang/14.0.7/lib/linux/libclang_rt.builtins-aarch64-android.a]
  collapse library dir [/home/jonathan/android-sdk/ndk/25.2.9519653/toolchains/llvm/prebuilt/linux-x86_64/lib64/clang/14.0.7/lib/linux/aarch64] ==> [/home/jonathan/android-sdk/ndk/25.2.9519653/toolchains/llvm/prebuilt/linux-x86_64/lib64/clang/14.0.7/lib/linux/aarch64]
  collapse library dir [/home/jonathan/android-sdk/ndk/25.2.9519653/toolchains/llvm/prebuilt/linux-x86_64/sysroot/usr/lib/aarch64-linux-android/21] ==> [/home/jonathan/android-sdk/ndk/25.2.9519653/toolchains/llvm/prebuilt/linux-x86_64/sysroot/usr/lib/aarch64-linux-android/21]
  collapse library dir [/home/jonathan/android-sdk/ndk/25.2.9519653/toolchains/llvm/prebuilt/linux-x86_64/sysroot/usr/lib/aarch64-linux-android] ==> [/home/jonathan/android-sdk/ndk/25.2.9519653/toolchains/llvm/prebuilt/linux-x86_64/sysroot/usr/lib/aarch64-linux-android]
  collapse library dir [/home/jonathan/android-sdk/ndk/25.2.9519653/toolchains/llvm/prebuilt/linux-x86_64/sysroot/usr/lib] ==> [/home/jonathan/android-sdk/ndk/25.2.9519653/toolchains/llvm/prebuilt/linux-x86_64/sysroot/usr/lib]
  implicit libs: [c++;m;-l:libunwind.a;dl;c;-l:libunwind.a;dl]
  implicit objs: [/home/jonathan/android-sdk/ndk/25.2.9519653/toolchains/llvm/prebuilt/linux-x86_64/sysroot/usr/lib/aarch64-linux-android/21/crtbegin_dynamic.o;/home/jonathan/android-sdk/ndk/25.2.9519653/toolchains/llvm/prebuilt/linux-x86_64/sysroot/usr/lib/aarch64-linux-android/21/crtend_android.o]
  implicit dirs: [/home/jonathan/android-sdk/ndk/25.2.9519653/toolchains/llvm/prebuilt/linux-x86_64/lib64/clang/14.0.7/lib/linux/aarch64;/home/jonathan/android-sdk/ndk/25.2.9519653/toolchains/llvm/prebuilt/linux-x86_64/sysroot/usr/lib/aarch64-linux-android/21;/home/jonathan/android-sdk/ndk/25.2.9519653/toolchains/llvm/prebuilt/linux-x86_64/sysroot/usr/lib/aarch64-linux-android;/home/jonathan/android-sdk/ndk/25.2.9519653/toolchains/llvm/prebuilt/linux-x86_64/sysroot/usr/lib]
  implicit fwks: []


